============================= test session starts ==============================
platform linux -- Python 3.8.10, pytest-4.6.11, py-1.9.0, pluggy-0.13.1
Using --randomly-seed=1636809600
rootdir: /mnt/c/Users/aiden/Documents/School/07_Senior_2021_LOCAL/project-2-project-2-24/server/openapi_server
plugins: hypothesis-6.23.3, cov-3.0.0, randomly-1.2.3
collected 1 item

openapi_server/test/test_database.py .                                   [100%]

=============================== warnings summary ===============================
/home/aiden/.local/lib/python3.8/site-packages/flask/_compat.py:139
  /home/aiden/.local/lib/python3.8/site-packages/flask/_compat.py:139: DeprecationWarning: 'flask.json_available' is deprecated and will be removed in version 2.0.0.
    self._warn()

-- Docs: https://docs.pytest.org/en/latest/warnings.html
===================== 1 passed, 1 warnings in 8.23 seconds =====================
Name                                                                                      Stmts   Miss  Cover   Missing
-----------------------------------------------------------------------------------------------------------------------
openapi_server/__init__.py                                                                    0      0   100%
openapi_server/database/__init__.py                                                           0      0   100%
openapi_server/database/database.py                                                          51     10    80%   31, 37, 44, 71-88, 93-99, 130
openapi_server/encoder.py                                                                    17     10    41%   12-21
openapi_server/models/__init__.py                                                            11      0   100%
openapi_server/models/authentication_request.py                                              34     13    62%   30-41, 52, 62, 72-75, 85, 95-98
openapi_server/models/base_model_.py                                                         31     16    48%   23, 30-50, 57, 61, 65, 69
openapi_server/models/error.py                                                               30     13    57%   26-37, 48, 58, 68-71, 81, 91-94
openapi_server/models/package.py                                                             34      7    79%   52, 72-75, 95-98
openapi_server/models/package_data.py                                                        33      4    88%   53, 76, 99, 122
openapi_server/models/package_history_entry.py                                               53     24    55%   34-51, 62, 72, 82-85, 96, 107-110, 120, 130-133, 143, 153-160
openapi_server/models/package_metadata.py                                                    39     10    74%   53, 75-78, 100-103, 123-126
openapi_server/models/package_query.py                                                       28     11    61%   26-37, 48, 58, 69, 80, 91-94
openapi_server/models/package_rating.py                                                      66     33    50%   34-57, 68, 78, 88-91, 101, 111-114, 124, 134-137, 147, 157-160, 170, 180-183, 194, 205-208
openapi_server/models/user.py                                                                30      9    70%   48, 58, 68-71, 82, 93-96
openapi_server/models/user_authentication_info.py                                            21      8    62%   24-32, 43, 54, 65-68
openapi_server/test/__init__.py                                                              11      5    55%   12-16
openapi_server/test/test_database.py                                                         10      0   100%
openapi_server/typing_utils.py                                                               15     10    33%   6-18, 24, 28, 32
openapi_server/util.py                                                                       61     48    21%   17-34, 46-52, 60, 71-78, 91-98, 109-121, 134, 148
/usr/lib/python3/dist-packages/OpenSSL/SSL.py                                               937    531    43%   195-199, 290-294, 322-324, 330, 342-371, 383-419, 432-470, 500-541, 567-600, 614, 616, 628, 643-646, 702, 706-707, 722-723, 763, 770, 776, 779-782, 804-811, 833-857, 868, 883-891, 902-908, 922-930, 939-944, 953-961, 964-967, 980-990, 999-1004, 1013-1014, 1025-1029, 1042-1043, 1063-1066, 1076, 1098, 1101, 1115-1118, 1136, 1147-1156, 1168, 1183, 1215-1237, 1252-1257, 1268-1271, 1280, 1294-1299, 1307, 1316, 1326-1333, 1344, 1357, 1372-1379, 1390-1393, 1411-1413, 1429-1431, 1447-1454, 1467-1469, 1478-1490, 1507-1508, 1527-1528, 1551, 1601-1606, 1612, 1614, 1616, 1618, 1624, 1626, 1629, 1631-1643, 1647, 1654, 1663-1667, 1679-1685, 1697, 1699, 1711, 1728, 1730, 1732, 1734, 1752-1775, 1786-1792, 1812, 1819, 1833-1848, 1861-1872, 1884-1892, 1901-1904, 1925, 1934, 1945-1946, 1958-1960, 1972-1975, 1985-1988, 1999-2005, 2034-2048, 2057, 2066, 2075, 2084, 2093-2096, 2105, 2113-2120, 2128-2136, 2144-2152, 2163-2176, 2185, 2193-2197, 2208, 2217-2227, 2236, 2245, 2254, 2274-2280, 2291-2296, 2322-2330, 2342, 2354, 2366-2371, 2383-2387, 2399-2404, 2415-2416, 2426-2427, 2439-2444, 2459-2466, 2476-2484, 2493-2496
/usr/lib/python3/dist-packages/OpenSSL/__init__.py                                            4      0   100%
/usr/lib/python3/dist-packages/OpenSSL/_util.py                                              52     21    60%   29-31, 43-54, 67, 83, 88-90, 104-107, 114-115, 141-146
/usr/lib/python3/dist-packages/OpenSSL/crypto.py                                           1166    883    24%   106, 118-132, 139-141, 158-163, 176-203, 214-216, 227-229, 242-246, 260-269, 287-325, 340-351, 359, 367, 397-399, 411-417, 431-433, 450, 465-467, 470, 479-480, 495, 510-513, 548-549, 557-585, 601-605, 609, 629-632, 648-653, 666, 675-681, 690-706, 743-780, 784, 795-813, 819-826, 834, 847-849, 860-864, 880-883, 893-897, 911-916, 927-928, 937-942, 952-953, 963, 977-985, 995-1008, 1019-1025, 1038-1049, 1063-1070, 1124-1129, 1141-1144, 1153, 1162-1168, 1179-1183, 1197-1211, 1224-1228, 1241-1253, 1264, 1275-1303, 1312-1323, 1333-1337, 1346-1350, 1359-1362, 1365, 1378, 1381, 1394, 1407, 1420, 1434-1437, 1451-1453, 1464-1465, 1492-1493, 1504, 1514-1520, 1536-1543, 1591-1592, 1610-1622, 1638, 1662, 1680-1684, 1704-1705, 1727-1734, 1743-1747, 1755, 1765-1776, 1787, 1804-1809, 1823-1839, 1852-1866, 1879-1891, 1910-1950, 1973-1974, 1987-1997, 2009-2015, 2018-2024, 2042-2060, 2074-2087, 2099, 2109-2110, 2119-2120, 2129-2130, 2140-2144, 2158-2163, 2175-2184, 2197-2201, 2211-2216, 2227, 2230, 2245, 2260, 2279-2285, 2302-2338, 2355, 2363, 2371, 2379, 2387-2389, 2405-2408, 2417, 2428-2430, 2439, 2450-2452, 2462-2463, 2475-2484, 2495-2501, 2510, 2532-2570, 2586-2587, 2601-2614, 2628-2631, 2640-2643, 2652-2657, 2666-2667, 2679-2686, 2690-2697, 2703-2710, 2715-2723, 2726-2745, 2759-2778, 2794-2814, 2826-2842, 2854-2870, 2884-2904, 2920-2940, 2954-2968, 2981-2998, 3010-3027, 3042-3114
/usr/lib/python3/dist-packages/OpenSSL/version.py                                            10      0   100%
/usr/lib/python3/dist-packages/attr/__init__.py                                              22      0   100%
/usr/lib/python3/dist-packages/attr/_compat.py                                               82     40    51%   16-18, 22-91, 108, 158, 174-195, 217, 224-225
/usr/lib/python3/dist-packages/attr/_config.py                                                9      4    56%   13-16, 23
/usr/lib/python3/dist-packages/attr/_funcs.py                                                79     47    41%   44-82, 89-113, 155, 158, 168-169, 186-187, 211, 244-262, 285, 289
/usr/lib/python3/dist-packages/attr/_make.py                                                694    208    70%   64, 198, 203-210, 296, 305, 320-323, 334, 341, 346, 378-385, 392-393, 404, 419, 426, 487, 516-520, 532-544, 563-565, 580, 596, 604-613, 640, 651-661, 721-722, 728-729, 746, 750-752, 762, 949, 968, 976, 983, 994, 1005, 1029-1034, 1055, 1084-1085, 1116-1126, 1161-1165, 1214, 1220-1223, 1229-1232, 1238-1241, 1247-1250, 1288-1324, 1396, 1399, 1423-1430, 1441-1447, 1451, 1492-1493, 1506, 1514, 1528, 1569, 1576-1583, 1594-1603, 1618, 1631, 1639-1650, 1666, 1700-1709, 1714-1716, 1720-1725, 1812, 1820, 1848-1850, 1857-1861, 1868, 1877, 1880-1885, 1995, 2016-2020, 2032-2037, 2097-2129, 2145-2146, 2160-2168
/usr/lib/python3/dist-packages/attr/_version_info.py                                         37     10    73%   59, 62, 65, 70-75, 80-81
/usr/lib/python3/dist-packages/attr/converters.py                                            27     19    30%   24, 47-78
/usr/lib/python3/dist-packages/attr/exceptions.py                                            16      4    75%   69-71, 74
/usr/lib/python3/dist-packages/attr/filters.py                                               15      9    40%   15, 30-35, 47-52
/usr/lib/python3/dist-packages/attr/validators.py                                           116     54    53%   35, 49, 80-81, 92, 113-139, 150-151, 162, 180, 188-191, 194, 213, 222-228, 235, 255, 264-269, 277, 306-310, 313-318, 339, 352-357, 360, 378
/usr/lib/python3/dist-packages/blinker/__init__.py                                            3      0   100%
/usr/lib/python3/dist-packages/blinker/_saferef.py                                           83     61    27%   45-47, 51-52, 70-85, 135-144, 162-188, 196, 201, 211, 215-217, 229-234
/usr/lib/python3/dist-packages/blinker/_utilities.py                                        100     65    35%   8-10, 15-56, 62-68, 77, 80, 114-121, 133-139, 144-148, 159-163
/usr/lib/python3/dist-packages/blinker/base.py                                              162    113    30%   47, 71, 111-158, 181-184, 214-221, 236-239, 256-266, 277-283, 288-305, 316-325, 330-337, 341, 345-349, 372-375, 379-382, 413-414, 449-452
/usr/lib/python3/dist-packages/certifi/__init__.py                                            2      0   100%
/usr/lib/python3/dist-packages/certifi/core.py                                                5      0   100%
/usr/lib/python3/dist-packages/chardet/__init__.py                                           11      7    36%   31-39
/usr/lib/python3/dist-packages/chardet/big5freq.py                                            3      0   100%
/usr/lib/python3/dist-packages/chardet/big5prober.py                                         16      6    62%   36-39, 43, 47
/usr/lib/python3/dist-packages/chardet/chardistribution.py                                  117     83    29%   49-59, 65-68, 72-82, 88-98, 103, 110, 115-118, 125-129, 134-137, 144-148, 153-156, 163-167, 172-175, 182-189, 194-197, 204-214, 219-222, 229-233
/usr/lib/python3/dist-packages/chardet/charsetgroupprober.py                                 72     61    15%   34-37, 40-47, 51-55, 59-63, 66-83, 86-106
/usr/lib/python3/dist-packages/chardet/charsetprober.py                                      55     36    35%   40-42, 45, 49, 52, 56, 59, 63-64, 81-101, 115-145
/usr/lib/python3/dist-packages/chardet/codingstatemachine.py                                 28     18    36%   56-61, 64, 69-78, 81, 84, 88
/usr/lib/python3/dist-packages/chardet/compat.py                                             10      4    60%   26-29
/usr/lib/python3/dist-packages/chardet/cp949prober.py                                        16      6    62%   36-41, 45, 49
/usr/lib/python3/dist-packages/chardet/enums.py                                              35      1    97%   62
/usr/lib/python3/dist-packages/chardet/escprober.py                                          58     45    22%   43-56, 59-67, 71, 75, 78-81, 84-101
/usr/lib/python3/dist-packages/chardet/escsm.py                                              17      0   100%
/usr/lib/python3/dist-packages/chardet/eucjpprober.py                                        49     34    31%   38-42, 45-46, 50, 54, 57-87, 90-92
/usr/lib/python3/dist-packages/chardet/euckrfreq.py                                           3      0   100%
/usr/lib/python3/dist-packages/chardet/euckrprober.py                                        16      6    62%   36-39, 43, 47
/usr/lib/python3/dist-packages/chardet/euctwfreq.py                                           3      0   100%
/usr/lib/python3/dist-packages/chardet/euctwprober.py                                        16      6    62%   35-38, 42, 46
/usr/lib/python3/dist-packages/chardet/gb2312freq.py                                          3      0   100%
/usr/lib/python3/dist-packages/chardet/gb2312prober.py                                       16      6    62%   35-38, 42, 46
/usr/lib/python3/dist-packages/chardet/hebrewprober.py                                       77     48    38%   155-162, 165-171, 175-176, 179, 193, 223-253, 259-280, 284, 289-292
/usr/lib/python3/dist-packages/chardet/jisfreq.py                                             3      0   100%
/usr/lib/python3/dist-packages/chardet/jpcntx.py                                             81     61    25%   124-129, 132-141, 144-168, 171, 175-178, 181, 185-186, 190, 193-210, 214-231
/usr/lib/python3/dist-packages/chardet/langbulgarianmodel.py                                  5      0   100%
/usr/lib/python3/dist-packages/chardet/langcyrillicmodel.py                                  13      0   100%
/usr/lib/python3/dist-packages/chardet/langgreekmodel.py                                      5      0   100%
/usr/lib/python3/dist-packages/chardet/langhebrewmodel.py                                     3      0   100%
/usr/lib/python3/dist-packages/chardet/langthaimodel.py                                       3      0   100%
/usr/lib/python3/dist-packages/chardet/langturkishmodel.py                                    3      0   100%
/usr/lib/python3/dist-packages/chardet/latin1prober.py                                       52     29    44%   98-101, 104-106, 110, 114, 117-128, 131-145
/usr/lib/python3/dist-packages/chardet/mbcharsetprober.py                                    44     33    25%   40-43, 46-51, 55, 59, 62-88, 91
/usr/lib/python3/dist-packages/chardet/mbcsgroupprober.py                                    14      3    79%   43-54
/usr/lib/python3/dist-packages/chardet/mbcssm.py                                             41      0   100%
/usr/lib/python3/dist-packages/chardet/sbcharsetprober.py                                    75     60    20%   40-51, 54-61, 65-68, 72-75, 78-122, 125-132
/usr/lib/python3/dist-packages/chardet/sbcsgroupprober.py                                    19      8    58%   45-73
/usr/lib/python3/dist-packages/chardet/sjisprober.py                                         49     34    31%   38-42, 45-46, 50, 54, 57-87, 90-92
/usr/lib/python3/dist-packages/chardet/universaldetector.py                                 124    104    16%   82-92, 100-109, 125-218, 229-286
/usr/lib/python3/dist-packages/chardet/utf8prober.py                                         43     29    33%   39-42, 45-47, 51, 55, 58-74, 77-82
/usr/lib/python3/dist-packages/chardet/version.py                                             2      0   100%
/usr/lib/python3/dist-packages/click/__init__.py                                             13      0   100%
/usr/lib/python3/dist-packages/click/_compat.py                                             434    347    20%   22, 27-31, 39-42, 47-50, 57-59, 65-76, 79-82, 86, 100-102, 105, 108-116, 119-128, 131-143, 146-153, 157-260, 272, 275-278, 283-292, 299-307, 314-322, 330, 333-345, 349-374, 379-404, 408-412, 415-419, 422-426, 429-432, 436-439, 443-446, 450-455, 459-468, 475-516, 524-525, 531-534, 538, 541-550, 553, 556, 559, 562, 571, 575-579, 587-645, 648, 655, 659-662, 668-681
/usr/lib/python3/dist-packages/click/_unicodefun.py                                          69     59    14%   16-29, 37-41, 52-120
/usr/lib/python3/dist-packages/click/core.py                                                881    622    29%   35-36, 43-45, 50-58, 64-70, 81, 85-96, 104-115, 123-130, 221-341, 344-346, 349-352, 383-390, 418, 422, 434-435, 439-441, 449-454, 458-461, 465-469, 475-478, 484-488, 496, 500, 504, 510, 516, 534-555, 562-573, 616, 619, 636-642, 649, 656, 695-760, 764, 809, 819-821, 824-828, 832-833, 839-842, 846-850, 854-862, 869-872, 878-880, 884, 896-899, 903-913, 917-925, 929-932, 935-948, 954-956, 995, 1005-1007, 1011-1013, 1016-1017, 1044-1054, 1060-1082, 1085-1096, 1099-1164, 1167-1190, 1196, 1202, 1223, 1233-1237, 1245-1249, 1252, 1255, 1266-1268, 1272, 1275-1280, 1283-1286, 1346, 1366, 1369-1376, 1381-1385, 1388, 1391-1396, 1403-1417, 1427-1428, 1431-1435, 1438-1446, 1449-1457, 1460-1463, 1466-1484, 1487, 1490, 1496-1497, 1550, 1554, 1563, 1582-1585, 1597, 1599, 1601, 1604, 1607-1611, 1622-1624, 1644, 1647-1649, 1652, 1659-1685, 1688-1733, 1740-1745, 1754-1761, 1767-1773, 1776-1784, 1787-1790, 1803-1810, 1815-1817, 1820-1829, 1832-1842, 1845, 1848, 1851
/usr/lib/python3/dist-packages/click/decorators.py                                          147     87    41%   17, 26-28, 55-64, 71, 83-85, 126-127, 132, 149-153, 195-205, 220-225, 240-283, 296-307
/usr/lib/python3/dist-packages/click/exceptions.py                                          115     82    29%   6-8, 18-23, 26, 29, 32-35, 38-40, 54-56, 59-70, 93-95, 98-106, 123-124, 127-148, 165-169, 172-179, 193-194, 206, 213-218, 221, 235
/usr/lib/python3/dist-packages/click/formatting.py                                          136    112    18%   12-16, 20-22, 45-86, 102-111, 115, 119, 123, 132-150, 154, 158-159, 165-171, 182-208, 217-223, 228-232, 236, 245-256
/usr/lib/python3/dist-packages/click/globals.py                                              18     12    33%   22-26, 31, 36, 44-48
/usr/lib/python3/dist-packages/click/parser.py                                              237    203    14%   35-73, 77-79, 85, 92-95, 100-113, 119-142, 146, 149-161, 167-169, 172-180, 186-189, 209-226, 238-247, 255-257, 266-273, 276-283, 286-299, 322-351, 354-398, 401-427
/usr/lib/python3/dist-packages/click/termui.py                                              191    161    16%   42-43, 47-52, 92-138, 160-182, 190-229, 244-258, 344-346, 361-369, 425-449, 461, 476-478, 510-515, 540-541, 569-572, 576-577, 595-606
/usr/lib/python3/dist-packages/click/types.py                                               321    193    40%   38-39, 55, 65, 69, 77, 83-84, 87-94, 101, 104, 111-123, 126, 149, 152, 156-179, 183, 209, 216, 219-222, 226-231, 236, 243-246, 249, 263-265, 268-285, 288, 295-298, 302, 316-318, 321-338, 341, 348-355, 358, 365-371, 374, 408-412, 415-421, 424-452, 506-507, 513-518, 521-560, 578, 582, 586, 589-592, 602, 608, 620, 622, 628-634
/usr/lib/python3/dist-packages/click/utils.py                                               179    140    22%   13-14, 22, 27-32, 37-42, 47-67, 79-95, 98, 101-103, 110-121, 125-126, 132-133, 136, 139, 142-143, 149, 152, 155, 158, 161, 164, 214-261, 274-277, 291-294, 321-327, 346-348, 363-365, 403-414, 429, 432-437, 440
/usr/lib/python3/dist-packages/cryptography/__about__.py                                     10      0   100%
/usr/lib/python3/dist-packages/cryptography/__init__.py                                       3      0   100%
/usr/lib/python3/dist-packages/cryptography/exceptions.py                                    35      4    89%   27-28, 53-54
/usr/lib/python3/dist-packages/cryptography/hazmat/__init__.py                                2      0   100%
/usr/lib/python3/dist-packages/cryptography/hazmat/_der.py                                  102     72    29%   37, 40, 43-44, 47, 50-51, 54-58, 61-65, 68-101, 104-107, 110-111, 114-116, 119-132, 136-141, 145-156
/usr/lib/python3/dist-packages/cryptography/hazmat/_oid.py                                   33     10    70%   23-24, 29, 34, 39, 45, 50, 53, 64-65
/usr/lib/python3/dist-packages/cryptography/hazmat/backends/__init__.py                       7      0   100%
/usr/lib/python3/dist-packages/cryptography/hazmat/backends/interfaces.py                   139      0   100%
/usr/lib/python3/dist-packages/cryptography/hazmat/backends/openssl/__init__.py               3      0   100%
/usr/lib/python3/dist-packages/cryptography/hazmat/backends/openssl/aead.py                  91     80    12%   15-24, 28-69, 73-81, 85-89, 93-97, 101-124, 128-162
/usr/lib/python3/dist-packages/cryptography/hazmat/backends/openssl/backend.py             1358   1084    20%   138-144, 179-185, 194, 199, 202, 206, 221-222, 225, 231-236, 240, 303, 306, 309, 313-327, 330, 333-352, 361-383, 386-401, 404, 408-439, 442-452, 455-458, 461-464, 485-490, 496-501, 516-544, 552-587, 590-601, 604-618, 621-635, 638-644, 647-648, 651-654, 657-673, 676-690, 693-704, 707-710, 713, 716, 719, 724, 727-809, 812-898, 901-906, 909-914, 917-921, 924-1002, 1006-1017, 1020-1021, 1026-1055, 1060-1082, 1093-1115, 1118-1126, 1133-1140, 1148-1159, 1162-1182, 1185-1204, 1207-1219, 1222-1229, 1232-1244, 1247-1254, 1257-1269, 1272-1279, 1286-1289, 1301-1315, 1320, 1331-1373, 1376-1396, 1402-1405, 1412-1422, 1428-1443, 1446-1451, 1454-1471, 1474-1505, 1508-1511, 1514-1521, 1524-1531, 1534-1552, 1555-1632, 1636-1648, 1651, 1657-1660, 1667-1680, 1684-1691, 1698-1719, 1727-1739, 1743-1834, 1837-1848, 1851-1909, 1912-1960, 1965-1992, 1995-2013, 2016-2019, 2022-2029, 2032, 2036-2081, 2084-2108, 2111-2126, 2129-2148, 2151, 2154-2162, 2167-2177, 2196-2211, 2214-2224, 2227-2228, 2231, 2234-2242, 2245-2254, 2257-2258, 2261, 2264, 2267-2278, 2281-2292, 2295-2296, 2299, 2302-2312, 2315-2326, 2329-2330, 2333-2361, 2364-2365, 2376-2380, 2386-2387, 2400-2410, 2413-2456, 2459, 2462-2466, 2474-2475, 2479-2480
/usr/lib/python3/dist-packages/cryptography/hazmat/backends/openssl/ciphers.py              109     90    17%   22-120, 123-125, 128-143, 151-197, 200-219, 222-227
/usr/lib/python3/dist-packages/cryptography/hazmat/backends/openssl/cmac.py                  45     33    27%   18-45, 50-51, 54-63, 66-74, 79-81
/usr/lib/python3/dist-packages/cryptography/hazmat/backends/openssl/decode_asn1.py          424    210    50%   39-41, 47-55, 59-73, 108-157, 166, 170-172, 176-178, 199, 208-220, 222-230, 234-240, 246-247, 271-290, 300-326, 367, 443, 449-453, 459-471, 475-492, 499-509, 546, 549, 591-596, 611-625, 634-635, 639-642, 701-708, 712-718, 724-727, 731-738, 742-745, 752, 760, 764-775, 779-793, 797-800, 804-806
/usr/lib/python3/dist-packages/cryptography/hazmat/backends/openssl/dh.py                   155    122    21%   14-28, 32-33, 39-40, 43-53, 60, 63-78, 86-94, 98-103, 109-112, 116, 119-134, 148-171, 174-187, 190, 193-208, 220-223, 227, 230-244, 254, 257-274
/usr/lib/python3/dist-packages/cryptography/hazmat/backends/openssl/dsa.py                  150    108    28%   20-32, 38-44, 50-55, 58, 61-63, 71-74, 77, 80-81, 87-88, 91-98, 105, 111-120, 125-127, 130-142, 155-171, 174-179, 182, 191-194, 200-208, 213-217, 222-234, 244-248, 251-256, 265-268
/usr/lib/python3/dist-packages/cryptography/hazmat/backends/openssl/ec.py                   177    132    25%   22-23, 29-57, 67, 73-76, 83-92, 96-101, 107-109, 112, 115-117, 123-126, 129, 132-133, 141-147, 153, 156-159, 164-191, 194-213, 216-218, 224, 233-237, 243-249, 255, 258-263, 268-284, 291-312, 315-339, 348-352
/usr/lib/python3/dist-packages/cryptography/hazmat/backends/openssl/ed25519.py               74     57    23%   17-18, 21-44, 49-56, 59-74, 80-81, 84-92, 95-112, 115-139, 144-151
/usr/lib/python3/dist-packages/cryptography/hazmat/backends/openssl/ed448.py                 76     57    25%   20-21, 24-47, 52-59, 62-77, 83-84, 87-95, 98-115, 118-142, 147-154
/usr/lib/python3/dist-packages/cryptography/hazmat/backends/openssl/encode_asn1.py          367    316    14%   34-40, 44-46, 53-56, 65-70, 74-76, 80, 87-100, 104-106, 113-118, 122-134, 138, 142-160, 164-172, 176-184, 188-233, 237-252, 260-263, 267-269, 274, 278-306, 310-329, 333-343, 347-369, 373-380, 384-388, 392, 396-398, 402-484, 490-497, 513-521, 525-529, 533-537, 541-562, 566-578, 582-595, 599-609, 613
/usr/lib/python3/dist-packages/cryptography/hazmat/backends/openssl/hashes.py                43     11    74%   27, 41-47, 59, 72-78
/usr/lib/python3/dist-packages/cryptography/hazmat/backends/openssl/hmac.py                  44     32    27%   18-41, 46-53, 58-60, 63-69, 72-74
/usr/lib/python3/dist-packages/cryptography/hazmat/backends/openssl/ocsp.py                 232    142    39%   28-34, 40-47, 51-58, 62-69, 73-84, 92-115, 124-127, 132-136, 143-145, 150-159, 164-177, 182-186, 191-195, 198-204, 209-212, 217-225, 230-242, 247-265, 270-279, 284-295, 300, 305, 310, 315, 320, 323-333, 339-350, 354, 358, 362, 366, 370, 373-381
/usr/lib/python3/dist-packages/cryptography/hazmat/backends/openssl/poly1305.py              32     22    31%   18-40, 43-47, 50-55, 58-60
/usr/lib/python3/dist-packages/cryptography/hazmat/backends/openssl/rsa.py                  244    162    34%   30-35, 39-68, 72-124, 128-153, 158, 165-180, 198-199, 208-216, 239-253, 259-272, 278-287, 290, 293, 305-316, 319, 322, 350-352, 355-359, 362-368, 371-392, 406, 424-434, 439-443, 448, 451-458, 464, 473-476
/usr/lib/python3/dist-packages/cryptography/hazmat/backends/openssl/utils.py                 36     21    42%   15-35, 44, 47, 56-57, 64
/usr/lib/python3/dist-packages/cryptography/hazmat/backends/openssl/x25519.py                65     46    29%   23-24, 27-62, 67-76, 82-83, 86-96, 99-102, 107-131, 140-149
/usr/lib/python3/dist-packages/cryptography/hazmat/backends/openssl/x448.py                  57     39    32%   20-21, 24-47, 52-59, 65-66, 69-76, 79-82, 87-111, 116-123
/usr/lib/python3/dist-packages/cryptography/hazmat/backends/openssl/x509.py                 362    236    35%   32, 35-39, 42, 45, 48-50, 54-60, 66-68, 71-79, 83-84, 88-89, 93-95, 99-101, 105-109, 115-121, 130, 136-141, 145-151, 154-163, 169-178, 182-186, 190, 199, 207-208, 211-215, 218, 221-229, 236-239, 242-253, 259-263, 269-275, 279-281, 285-287, 291-293, 297-302, 306-312, 315-326, 329-332, 335-336, 339-348, 351-355, 359, 362-374, 380-381, 384-389, 392, 395, 398-401, 405-407, 411-415, 421-427, 431-440, 443-454, 458-464, 468-473, 477-486, 501-503, 507-510, 514-516, 522-526, 530-534, 537, 540-543, 546
/usr/lib/python3/dist-packages/cryptography/hazmat/bindings/__init__.py                       1      0   100%
/usr/lib/python3/dist-packages/cryptography/hazmat/bindings/openssl/__init__.py               1      0   100%
/usr/lib/python3/dist-packages/cryptography/hazmat/bindings/openssl/_conditional.py          90     41    54%   9, 17, 23, 29, 35, 41, 55, 64, 72, 78, 92, 111, 117, 123, 129, 145, 158, 164, 176, 182, 188, 209, 216, 223, 230, 237, 244, 251, 258, 264, 271, 278, 285, 293, 301, 307, 317, 332, 341, 347, 362
/usr/lib/python3/dist-packages/cryptography/hazmat/bindings/openssl/binding.py               97     26    73%   25-28, 31, 40-52, 57-70, 150-151, 159, 177
/usr/lib/python3/dist-packages/cryptography/hazmat/primitives/__init__.py                     1      0   100%
/usr/lib/python3/dist-packages/cryptography/hazmat/primitives/asymmetric/__init__.py         15      0   100%
/usr/lib/python3/dist-packages/cryptography/hazmat/primitives/asymmetric/dh.py              100     37    63%   15, 20-28, 31-34, 40, 43, 51-59, 62-65, 71, 74, 82-95, 98-101, 108, 111
/usr/lib/python3/dist-packages/cryptography/hazmat/primitives/asymmetric/dsa.py             121     48    60%   123, 127, 131-137, 141-147, 152-163, 170, 173-176, 179, 182, 191-200, 206, 209-212, 218, 221, 229-237, 243, 246-249, 254
/usr/lib/python3/dist-packages/cryptography/hazmat/primitives/asymmetric/ec.py              243     62    74%   157-169, 321, 327, 331-340, 345-356, 359, 362-372, 379-400, 407-410, 418, 421, 424, 432-442, 445, 451-454, 460, 463, 494-497
/usr/lib/python3/dist-packages/cryptography/hazmat/primitives/asymmetric/ed25519.py          38     12    68%   22-29, 48-55, 59-66
/usr/lib/python3/dist-packages/cryptography/hazmat/primitives/asymmetric/ed448.py            36     12    67%   18-25, 44-50, 54-61
/usr/lib/python3/dist-packages/cryptography/hazmat/primitives/asymmetric/padding.py          47     20    57%   37-46, 54-59, 66-69, 73-79
/usr/lib/python3/dist-packages/cryptography/hazmat/primitives/asymmetric/rsa.py             175    102    42%   11-12, 112-119, 123-130, 135-169, 173-180, 187-193, 200, 208, 216, 231-265, 271-296, 307, 310-313, 324, 327, 340-347, 353, 356, 359-362, 365, 368
/usr/lib/python3/dist-packages/cryptography/hazmat/primitives/asymmetric/utils.py            18      9    50%   15-18, 22, 31-35
/usr/lib/python3/dist-packages/cryptography/hazmat/primitives/asymmetric/x25519.py           34     12    65%   18-25, 38-44, 48-55
/usr/lib/python3/dist-packages/cryptography/hazmat/primitives/asymmetric/x448.py             34     12    65%   18-25, 38-44, 48-55
/usr/lib/python3/dist-packages/cryptography/hazmat/primitives/ciphers/__init__.py             3      0   100%
/usr/lib/python3/dist-packages/cryptography/hazmat/primitives/ciphers/algorithms.py         113     30    73%   16-23, 35, 39, 50, 54, 65-69, 73, 84, 88, 99, 103, 112, 116, 126, 130, 141, 145, 155-161, 167
/usr/lib/python3/dist-packages/cryptography/hazmat/primitives/ciphers/base.py               134     71    47%   98-112, 115-123, 126-129, 132-138, 144, 147-149, 152-154, 157-161, 169-173, 176-181, 188-189, 192-193, 196-201, 204-209, 212-225, 232-235
/usr/lib/python3/dist-packages/cryptography/hazmat/primitives/ciphers/modes.py              124     38    69%   67-68, 74-75, 81-82, 91-92, 104-109, 114-115, 134-135, 147-148, 160-161, 173-174, 179-181, 198-212, 218
/usr/lib/python3/dist-packages/cryptography/hazmat/primitives/constant_time.py               15      8    47%   16-33
/usr/lib/python3/dist-packages/cryptography/hazmat/primitives/hashes.py                     152     24    84%   71, 77, 85, 91, 96-98, 104, 189-195, 206-212, 233-236, 250-253
/usr/lib/python3/dist-packages/cryptography/hazmat/primitives/kdf/__init__.py                 9      0   100%
/usr/lib/python3/dist-packages/cryptography/hazmat/primitives/kdf/scrypt.py                  37     24    35%   26-48, 51-56, 61-63
/usr/lib/python3/dist-packages/cryptography/hazmat/primitives/serialization/__init__.py       5      0   100%
/usr/lib/python3/dist-packages/cryptography/hazmat/primitives/serialization/base.py          48      8    83%   20, 24, 28, 32, 36, 74-77
/usr/lib/python3/dist-packages/cryptography/hazmat/primitives/serialization/ssh.py           79     63    20%   18-53, 57-63, 67-78, 82-104, 108-113, 122-129, 138-140, 146, 150-153
/usr/lib/python3/dist-packages/cryptography/utils.py                                        106     28    74%   30-31, 37-38, 65-69, 74-84, 94, 100, 109, 120, 137-138, 142, 145-149, 152, 169
/usr/lib/python3/dist-packages/cryptography/x509/__init__.py                                 70      0   100%
/usr/lib/python3/dist-packages/cryptography/x509/base.py                                    337    177    47%   27-29, 38-43, 52, 56, 60, 64, 68, 72, 77-78, 397-398, 404-408, 414-420, 428-430, 437-444, 450-454, 464-468, 478-487, 497-509, 519-532, 542-556, 566-572, 582-600, 606-610, 613-617, 623-635, 641-653, 662-667, 676-679, 686-695, 701-703, 706-718, 723-731, 736-741, 747-754, 758
/usr/lib/python3/dist-packages/cryptography/x509/certificate_transparency.py                 19      0   100%
/usr/lib/python3/dist-packages/cryptography/x509/extensions.py                              836    386    54%   34-70, 75, 81, 88-89, 94-95, 112-116, 120, 130, 137, 147-150, 153-156, 159, 162, 165, 179, 185-189, 197, 207-208, 216-229, 236, 244-247, 255, 258-262, 282, 287, 290-293, 296, 299, 309, 319, 322-325, 328, 331, 337, 340, 346, 352-355, 361, 364, 376, 379, 385, 396, 400-403, 406, 409, 417-420, 425-428, 431, 434, 437, 449, 461, 464-467, 470, 473, 481-490, 497, 500-503, 506, 509, 515, 523, 528-529, 534-536, 543, 549, 555, 566, 573-576, 584, 587-597, 623-645, 648, 655-658, 664, 667, 686, 696, 699-702, 705, 708, 714, 719-724, 732, 738-741, 747, 750-755, 763-771, 774, 780-783, 789, 792, 800-807, 810, 816-819, 825, 828, 841, 850, 853-856, 859, 862, 870-873, 876, 879, 882, 890-893, 896, 899, 902, 910-920, 925, 928-931, 934, 937, 959-965, 968, 971-974, 977, 980, 993, 1018-1023, 1027-1032, 1035-1042, 1052-1055, 1068, 1071, 1085-1116, 1119-1122, 1128, 1131-1134, 1140, 1146-1156, 1165, 1170, 1181, 1185-1188, 1195, 1198, 1205, 1223, 1226-1229, 1232, 1235, 1251, 1254-1257, 1260, 1263, 1271, 1276, 1279, 1282-1285, 1288, 1291, 1299, 1304, 1307, 1310-1313, 1316, 1319, 1327-1330, 1333, 1336-1339, 1342, 1345, 1355-1358, 1361, 1366-1369, 1372, 1375, 1390, 1401, 1408, 1411-1414, 1420, 1428-1431, 1434-1437, 1440, 1443, 1446, 1458-1523, 1526, 1538-1541, 1553, 1556, 1584-1587, 1593, 1600-1603, 1606, 1609
/usr/lib/python3/dist-packages/cryptography/x509/general_name.py                            200    110    45%   36-40, 49-50, 65-87, 93-95, 98-101, 104, 107-110, 113, 116, 120-126, 132-148, 159, 162-165, 168, 171, 177-193, 204-217, 227, 230-233, 236, 239, 245-248, 253, 256-259, 262, 265, 271-274, 279, 282-285, 288, 291, 297-312, 317, 320-323, 326, 329, 335-341, 347, 351-354, 357, 360
/usr/lib/python3/dist-packages/cryptography/x509/name.py                                    131     78    40%   58-72, 77-113, 125-126, 129-132, 138, 141, 144, 149-160, 163, 172, 175-178, 181, 184, 187, 190, 193, 198-206, 221, 224, 228, 231, 234-237, 240, 245, 248-250, 253, 256-259
/usr/lib/python3/dist-packages/cryptography/x509/ocsp.py                                    197     97    51%   52-53, 68-69, 73-74, 79-80, 83-93, 96-102, 107-111, 117-173, 179-182, 186-193, 199-208, 214-221, 227-233, 239-254, 260-268
/usr/lib/python3/dist-packages/cryptography/x509/oid.py                                      95      0   100%
/usr/lib/python3/dist-packages/idna/__init__.py                                               2      0   100%
/usr/lib/python3/dist-packages/idna/core.py                                                 280    188    33%   37-41, 44, 47, 50, 56, 63, 75, 77, 82-124, 130, 137, 139, 146, 151-190, 195-231, 239, 249-261, 272, 274-288, 294-298, 302, 307-309, 314-335, 343, 345, 349, 353, 355-356, 362, 364, 367, 373-396
/usr/lib/python3/dist-packages/idna/idnadata.py                                               4      0   100%
/usr/lib/python3/dist-packages/idna/intranges.py                                             29     12    59%   18-29, 53
/usr/lib/python3/dist-packages/idna/package_data.py                                           1      0   100%
/usr/lib/python3/dist-packages/jinja2/__init__.py                                            18      0   100%
/usr/lib/python3/dist-packages/jinja2/_compat.py                                             63     31    51%   36-38, 50-82, 98-99
/usr/lib/python3/dist-packages/jinja2/_identifier.py                                          1      0   100%
/usr/lib/python3/dist-packages/jinja2/asyncfilters.py                                        88     42    52%   8-15, 19-24, 40-45, 63-66, 71-72, 79, 84, 89, 94, 99, 104, 109-112, 117-124, 129
/usr/lib/python3/dist-packages/jinja2/asyncsupport.py                                       175    104    41%   23-28, 32-40, 45-50, 52-54, 59-70, 75-78, 85-88, 92-94, 102-105, 109-111, 117-120, 126-129, 134-138, 176-178, 182-187, 194-197, 201-204, 207, 214, 217, 220-230, 242-255
/usr/lib/python3/dist-packages/jinja2/bccache.py                                            161    118    27%   36-45, 70-73, 77, 82-96, 100-104, 108, 112-114, 151, 158, 168-174, 178, 184-188, 192, 214-217, 220-258, 261, 264-269, 272-276, 282-288, 339-342, 345-352, 355-362
/usr/lib/python3/dist-packages/jinja2/compiler.py                                          1151    991    14%   41, 51-52, 57-58, 66-70, 77-84, 89-105, 112-118, 124-127, 134-163, 167-170, 174-176, 185-187, 200-201, 204-205, 208-209, 222-223, 226-231, 248-309, 315, 319-320, 324-325, 329-343, 347, 351, 355-358, 362-363, 367-369, 375-380, 384-395, 399-400, 404-407, 418-460, 464-472, 476-490, 493-498, 501-503, 507-580, 584-588, 595-598, 601, 610-612, 621, 625, 631-632, 635, 638, 641, 644-647, 650, 657-659, 663, 669-690, 696-808, 813-841, 845-888, 892-942, 946-963, 967-1021, 1025-1152, 1155-1173, 1176-1184, 1187-1192, 1195-1203, 1206-1215, 1218-1219, 1224-1364, 1367-1372, 1375-1395, 1400-1416, 1422-1428, 1431-1435, 1438-1441, 1445-1451, 1454-1459, 1462-1469, 1474-1485, 1491-1498, 1517-1528, 1532-1534, 1537-1538, 1542-1544, 1549-1559, 1562-1569, 1573-1601, 1605-1610, 1614-1627, 1631-1642, 1645-1646, 1651-1653, 1656-1658, 1661, 1664, 1667, 1670, 1673, 1676, 1679, 1682-1686, 1689-1700, 1703-1711, 1714-1721
/usr/lib/python3/dist-packages/jinja2/defaults.py                                            20      0   100%
/usr/lib/python3/dist-packages/jinja2/environment.py                                        521    409    21%   49-57, 62-66, 71-75, 82-87, 91-97, 102-110, 299-338, 345, 352-354, 376-399, 405, 410-423, 429-436, 449-467, 474-477, 489-493, 497, 509-514, 521, 528-534, 542, 551, 575-591, 621-636, 663-731, 749-758, 765-780, 792, 796-807, 826-830, 844-857, 868-872, 878-880, 884-886, 938-945, 952-959, 968, 972-991, 1003-1008, 1020, 1027, 1037-1045, 1052, 1063, 1073, 1082, 1087-1090, 1106, 1112-1115, 1120-1122, 1127, 1131-1135, 1146-1155, 1158, 1161, 1164-1168, 1178-1179, 1182-1187, 1203-1204, 1215-1233, 1237-1238, 1241-1257, 1261-1265, 1268, 1271
/usr/lib/python3/dist-packages/jinja2/exceptions.py                                          72     49    32%   18-31, 34, 38-41, 53-58, 61, 73-77, 85-93, 97-116
/usr/lib/python3/dist-packages/jinja2/filters.py                                            397    293    26%   64, 73-89, 94-96, 105-115, 136-145, 150, 155, 182-191, 198, 205, 230-247, 279-283, 301-312, 316-327, 342, 357, 377-379, 405-429, 434, 440-443, 449-452, 458-461, 470-491, 500, 527-538, 556-579, 607-616, 633-636, 643, 655-664, 672-675, 687-690, 695, 701-703, 726-739, 761-770, 799-804, 855-856, 876-878, 885, 892, 897, 904-914, 925-939, 965-968, 990, 1008, 1029, 1048, 1077-1083, 1087-1105, 1109-1130, 1134-1138
/usr/lib/python3/dist-packages/jinja2/idtracking.py                                         204    155    24%   12-16, 20-22, 28-37, 40-41, 44-48, 51-54, 57-60, 63-67, 70-75, 78-93, 96-97, 100-102, 105-128, 131-138, 141-148, 154, 157-158, 165-166, 169-170, 173-174, 177-190, 193-196, 199, 207, 211-216, 219, 222-237, 240, 243-244, 247-252, 256-257, 263, 266, 269, 272-273, 277
/usr/lib/python3/dist-packages/jinja2/lexer.py                                              353    229    35%   43-46, 158-160, 178-180, 185-191, 198, 203-221, 230-231, 234, 243, 246-250, 259-263, 267-270, 273, 287, 290, 293-298, 309-315, 318, 321, 328, 332-336, 340-341, 347-348, 352, 359-367, 371-373, 379-393, 398-414, 427-491, 555, 560-561, 567-602, 608-742
/usr/lib/python3/dist-packages/jinja2/loaders.py                                            225    170    24%   26-34, 88-91, 97, 107-134, 161-165, 168-187, 190-202, 222-229, 232-248, 251-267, 280, 283-286, 289, 311, 314-319, 338-339, 342-347, 350-356, 360-366, 369-373, 391, 394-399, 403-408, 411-414, 437-455, 459, 463, 467-480
/usr/lib/python3/dist-packages/jinja2/nodes.py                                              456    241    47%   86-91, 94, 97-98, 102-108, 132-149, 159-166, 173-179, 185-186, 192-196, 204-210, 214-221, 225-230, 233, 237, 243, 250-275, 412, 416, 426-435, 445-454, 468, 481, 498-505, 513-516, 524-529, 540-541, 544-547, 555-556, 566-567, 575-576, 584-585, 595-603, 607-622, 636-670, 681-693, 711-718, 721, 731-738, 741, 751-756, 766-767, 777-786, 841-842, 850-851, 908, 917-918, 930-936, 1002
/usr/lib/python3/dist-packages/jinja2/optimizer.py                                           17      8    53%   26-27, 33, 37-43
/usr/lib/python3/dist-packages/jinja2/parser.py                                             638    579     9%   39-50, 57-59, 62-90, 97, 101-104, 108-112, 116-119, 123-147, 160-174, 178-186, 190-204, 209-225, 228-244, 247-253, 256-270, 273-275, 278-284, 287-295, 298-302, 305-340, 343-356, 359-370, 373-377, 380-385, 388-394, 406-424, 431-433, 436-446, 449-455, 458-464, 467-470, 473-492, 495-503, 506-513, 516-524, 527-534, 537-550, 553-584, 606-639, 642-651, 654-666, 670-679, 683-694, 697-720, 723-751, 754-797, 801-818, 821-849, 852-897, 901-903
/usr/lib/python3/dist-packages/jinja2/runtime.py                                            431    298    31%   45-51, 56, 62-76, 84, 87-88, 91, 98, 108-122, 126-130, 158-173, 177-185, 191-194, 200-206, 212-217, 221, 228-232, 242-264, 273-277, 291-293, 297, 303-306, 309, 320-325, 332-335, 340-344, 349-352, 364-368, 372-374, 378-381, 392-394, 398-400, 403, 407-410, 418, 428-439, 443-452, 455, 458-461, 470, 473, 476-483, 492-503, 525-579, 583-586, 589, 614-617, 624-639, 643-645, 655, 658, 661, 664, 667, 671, 674, 678, 701-759, 779-786
/usr/lib/python3/dist-packages/jinja2/tests.py                                               55     27    51%   16-17, 32, 37, 42, 59, 64, 69, 74, 79, 84, 92, 97, 104-109, 122, 127-131, 136, 144
/usr/lib/python3/dist-packages/jinja2/utils.py                                              317    219    31%   61-62, 84-85, 106-107, 112-113, 122-125, 139-151, 158-162, 170-179, 186-191, 208-240, 245-289, 300-308, 333, 340-341, 344, 348-351, 355-358, 364-372, 376-381, 385, 389, 392, 403-417, 423-432, 438-447, 451-453, 457, 461, 465, 469, 475, 483, 492-497, 538-551, 572-579, 587-590, 594, 599, 603-605, 614-615, 618-621, 629-630, 633-638, 641, 644, 651-652
/usr/lib/python3/dist-packages/jinja2/visitor.py                                             40     31    22%   31-32, 36-39, 43-44, 59-78, 84-87
/usr/lib/python3/dist-packages/jsonpointer.py                                               124     80    35%   46, 52-53, 85-86, 125-126, 143-146, 157, 160, 175-185, 190-196, 201-211, 218-229, 234-253, 260-279, 284, 288, 296-297, 307-310, 313, 322-324, 328, 331
/usr/lib/python3/dist-packages/jsonschema/__init__.py                                         9      2    78%   32-33
/usr/lib/python3/dist-packages/jsonschema/_format.py                                        217    124    43%   39, 42, 91-101, 124-129, 182-184, 194-198, 208-210, 223-231, 237-238, 242-245, 256-299, 311-321, 326-328, 333-335, 340-342, 350-365, 370-371, 379-381, 394-407, 415-425
/usr/lib/python3/dist-packages/jsonschema/_legacy_validators.py                              86     66    23%   7-28, 32-34, 40-46, 51, 56-62, 67, 70-71, 77, 83-94, 100-122, 126-139
/usr/lib/python3/dist-packages/jsonschema/_types.py                                          50      8    84%   21, 26, 32, 45, 92-93, 163-164
/usr/lib/python3/dist-packages/jsonschema/_utils.py                                          95     33    65%   28, 34, 37, 46, 63, 79-81, 99, 108-112, 150, 165, 172, 181, 183, 198-212
/usr/lib/python3/dist-packages/jsonschema/_validators.py                                    215    140    35%   17-26, 30-38, 43, 50-66, 70-82, 86-99, 106-107, 111-115, 121-125, 133-137, 145-149, 155-159, 165-175, 180, 184-185, 194, 198-202, 207-210, 214-215, 219-220, 225, 234-240, 245-247, 249, 255-257, 264, 278, 288, 292-296, 300-301, 307-310, 316, 327, 334-352, 358-359, 365-373
/usr/lib/python3/dist-packages/jsonschema/compat.py                                          35     13    63%   13-14, 30-42
/usr/lib/python3/dist-packages/jsonschema/exceptions.py                                     152     72    53%   59, 62, 65-73, 94-95, 99, 103-109, 113-119, 127-131, 161, 170, 173, 178-179, 188-190, 193-195, 207-208, 217-219, 222, 227-228, 239-248, 255, 267-269, 275, 282, 288, 291, 299-300, 320-321, 366-374
/usr/lib/python3/dist-packages/jsonschema/validators.py                                     251     83    67%   50, 77-80, 135-146, 155, 224-237, 243-244, 246, 270-280, 294, 301, 303-310, 346, 352-353, 358-359, 362-363, 430-431, 707-708, 726-727, 734-738, 754-759, 775-779, 806-809, 812-813, 848-868, 927-934, 958-970
/usr/lib/python3/dist-packages/markupsafe/__init__.py                                       165     92    44%   71-75, 78, 81-83, 86-88, 91-93, 98-102, 105, 108, 113, 118, 123, 134-150, 159-160, 167-170, 176-178, 205, 208, 211-213, 216-218, 222, 236-238, 241-249, 252, 255, 262, 265-282, 287-290, 297-298, 301, 304, 309, 312, 315, 322-323
/usr/lib/python3/dist-packages/markupsafe/_compat.py                                         18      8    56%   20, 25-33
/usr/lib/python3/dist-packages/more_itertools/__init__.py                                     2      0   100%
/usr/lib/python3/dist-packages/more_itertools/more.py                                       535    428    20%   22-23, 106, 126-136, 198-199, 202, 205-209, 213, 222-229, 260, 263-266, 272-294, 297-306, 314-323, 359-362, 395-400, 413-417, 429-430, 444-446, 493-507, 527-553, 567-579, 609-612, 634-664, 701-704, 707-717, 728-743, 746-749, 789-792, 806, 821-822, 860-862, 916-931, 950, 964-971, 985-991, 1005-1012, 1031-1045, 1076-1080, 1104-1106, 1132-1151, 1182, 1216-1228, 1272-1281, 1313-1320, 1357-1358, 1399-1419, 1431-1435, 1477, 1495, 1512-1521, 1538, 1559-1656, 1671-1674, 1708-1711, 1744-1749, 1782-1784, 1787, 1790, 1793, 1849-1851, 1854, 1857-1868, 1873, 1876-1879, 1904, 1908, 1926, 1935-1936, 1989-2001, 2055-2068
/usr/lib/python3/dist-packages/more_itertools/recipes.py                                    147    112    24%   69-79, 94, 112, 123, 158-163, 176, 189-190, 200, 214, 224, 234, 246, 271-273, 283-285, 295-296, 311-322, 339-340, 350-351, 367-391, 403, 418-424, 444, 463-464, 480-482, 495-498, 512-515, 527-551, 565
/usr/lib/python3/dist-packages/pkg_resources/__init__.py                                   1579    702    56%   48-50, 54-55, 65-67, 76-77, 93, 97-98, 144-148, 152-155, 159, 163-164, 168, 172, 194-198, 256, 271, 275, 278, 285-288, 301, 312, 316, 320-322, 325, 328, 361-363, 369-381, 385, 398-408, 430-461, 466-470, 484, 490, 495, 500, 583-588, 597-610, 629, 644, 654, 663-667, 679, 699, 702, 713, 761, 764, 779-780, 788-806, 844-890, 903-906, 915, 919-920, 924, 927, 933-937, 1003, 1014, 1056-1059, 1061, 1063-1064, 1078, 1082-1084, 1088-1096, 1100-1103, 1135, 1139, 1151, 1157, 1163, 1170-1193, 1208-1218, 1230-1244, 1261-1264, 1285-1290, 1312, 1344, 1352, 1360-1366, 1377-1381, 1399, 1402, 1405, 1412, 1419, 1423, 1426-1430, 1436, 1439, 1445-1447, 1450-1470, 1473, 1478, 1483, 1554-1562, 1569-1571, 1608, 1611, 1614, 1639, 1642, 1705-1706, 1716, 1723-1726, 1735-1745, 1749-1754, 1758-1809, 1815-1825, 1828-1834, 1858, 1864, 1867, 1889, 1896, 1907-1909, 1949, 1982, 1991-1994, 1996-1999, 2043-2048, 2098, 2101, 2110-2122, 2130, 2144-2148, 2156-2162, 2208-2210, 2212, 2216-2219, 2228-2254, 2271, 2274-2275, 2298, 2313, 2324, 2373-2377, 2413-2419, 2422-2427, 2430, 2436-2445, 2451-2455, 2458-2468, 2490-2497, 2501-2506, 2511-2519, 2524-2538, 2543, 2546, 2612, 2615, 2618, 2621, 2624, 2633, 2655-2678, 2684-2693, 2701-2705, 2714-2727, 2730-2734, 2738-2748, 2754-2765, 2791-2798, 2801-2804, 2807-2812, 2821, 2831, 2842-2847, 2851-2854, 2858-2866, 2870, 2894, 2903, 2913-2938, 2941-2957, 2965-2967, 2972-2976, 2980, 3013-3018, 3022-3026, 3030-3049, 3060-3069, 3074, 3088, 3091-3095, 3104-3105, 3122, 3128, 3133, 3146, 3160, 3174-3175, 3180-3188, 3199-3214, 3218-3225
/usr/lib/python3/dist-packages/pkg_resources/_vendor/__init__.py                              0      0   100%
/usr/lib/python3/dist-packages/pkg_resources/_vendor/appdirs.py                             257    218    15%   29-39, 77-97, 131-163, 195-203, 236-254, 290-311, 345-353, 388-404, 411-415, 419, 424, 429, 434, 439, 444, 449, 460-476, 480-503, 507-530, 533-556, 559-571, 577-608
/usr/lib/python3/dist-packages/pkg_resources/_vendor/packaging/__about__.py                  10      0   100%
/usr/lib/python3/dist-packages/pkg_resources/_vendor/packaging/__init__.py                    3      0   100%
/usr/lib/python3/dist-packages/pkg_resources/_vendor/packaging/_compat.py                    12      1    92%   17
/usr/lib/python3/dist-packages/pkg_resources/_vendor/packaging/_structures.py                41     17    59%   10, 13, 16, 19, 22, 25, 28, 31, 42, 45, 48, 51, 54, 57, 60, 63, 66
/usr/lib/python3/dist-packages/pkg_resources/_vendor/packaging/markers.py                   130     73    44%   47, 50, 53, 56, 62, 68, 74, 142-145, 149-168, 184-197, 204-211, 215-238, 242-246, 250-257, 275-280, 283, 286, 297-301
/usr/lib/python3/dist-packages/pkg_resources/_vendor/packaging/requirements.py               72     11    85%   91-92, 98-102, 113, 116, 119, 122, 127
/usr/lib/python3/dist-packages/pkg_resources/_vendor/packaging/specifiers.py                306    189    38%   83-93, 96-102, 109, 112, 115-123, 126-134, 137, 140-142, 146, 150, 154, 158, 161, 165-180, 183-211, 243-245, 248, 251, 254, 257, 260, 263, 269-271, 397-410, 416-446, 450, 454, 458, 464-483, 489-514, 517, 523-541, 545, 552-559, 563-583, 600-603, 613-619, 622, 628-648, 651-658, 661-668, 680-691, 695, 698, 709, 718, 733-774
/usr/lib/python3/dist-packages/pkg_resources/_vendor/packaging/version.py                   160     48    70%   45, 51, 60, 63, 67, 79, 82, 86, 90, 94, 98, 102, 146, 150, 234, 241, 248, 252, 256, 260, 268, 272-281, 285-287, 291, 295, 302-320, 324-326, 337, 363, 388
/usr/lib/python3/dist-packages/pkg_resources/_vendor/pyparsing.py                          2533   1341    47%   96-97, 103-106, 110-114, 151-181, 189-193, 212-213, 226, 234-241, 244, 247, 252-257, 259, 309, 312, 320, 322, 381, 385, 392, 394, 398, 418, 425-426, 440-442, 448-452, 455, 463-466, 469, 472, 485-504, 545-561, 580-583, 599-603, 617, 632-635, 641-642, 650-656, 659-661, 680-685, 688, 691, 697, 699, 718, 739-753, 770-825, 828-832, 856-869, 889-914, 937, 941, 948-958, 961, 964, 978-979, 991, 996-1001, 1004, 1007, 1010, 1014, 1053-1058, 1075-1090, 1097-1098, 1121, 1142, 1201, 1226-1227, 1237-1248, 1319-1320, 1335-1336, 1339-1349, 1353, 1359, 1375-1393, 1413-1425, 1436-1437, 1445, 1448-1453, 1457-1475, 1480-1533, 1543-1563, 1600-1606, 1640, 1646-1654, 1688-1727, 1746-1770, 1790-1797, 1812-1819, 1836-1838, 1848-1850, 1857-1863, 1869-1875, 1902, 1904-1909, 1914-1916, 1919, 1921, 1923, 1932-1935, 1940, 1946, 1953, 1955-1957, 1964-1970, 1977, 1979-1981, 1988-1994, 2000-2006, 2012-2018, 2076-2077, 2092-2100, 2106-2110, 2147-2151, 2157, 2165, 2171, 2179-2191, 2194-2199, 2202, 2205, 2208, 2211, 2226-2230, 2319-2361, 2388-2392, 2395, 2418-2421, 2459-2477, 2480-2491, 2494-2496, 2502, 2516-2520, 2523-2525, 2537, 2540-2543, 2571-2577, 2580-2603, 2658, 2671, 2676, 2693, 2701, 2704-2705, 2726, 2732, 2734-2735, 2740, 2785, 2794-2806, 2822-2823, 2869-2870, 2875-2878, 2891-2892, 2903, 2909, 2911-2912, 2918-2921, 2929-2961, 2997, 3002, 3019-3030, 3040, 3073, 3078-3079, 3082-3094, 3109-3110, 3113-3119, 3122-3127, 3156-3158, 3170-3178, 3191-3192, 3205, 3208-3211, 3222-3224, 3227-3231, 3242-3245, 3248-3253, 3263, 3266, 3271, 3274-3277, 3281, 3284-3286, 3298-3307, 3310-3317, 3358-3361, 3386-3388, 3404-3405, 3407-3415, 3423-3425, 3428-3432, 3436, 3463, 3477-3483, 3486-3494, 3500, 3504-3506, 3510, 3518-3520, 3545, 3558-3561, 3569, 3572-3574, 3578, 3586-3588, 3646-3649, 3652-3698, 3701-3707, 3710-3712, 3725, 3741, 3751-3760, 3769-3773, 3776-3779, 3810-3811, 3814-3815, 3837-3839, 3843, 3856, 3864, 3869, 3875, 3877, 3916, 3947, 3956, 3959, 4008-4012, 4019, 4082-4092, 4095-4139, 4165, 4177, 4180-4181, 4191-4195, 4199, 4205-4212, 4218-4220, 4224, 4262-4266, 4274, 4340-4361, 4387, 4395-4396, 4398-4402, 4404, 4427-4445, 4465, 4487-4498, 4501-4507, 4522-4535, 4551-4563, 4596-4644, 4679, 4712-4713, 4723, 4745-4746, 4784-4785, 4792-4795, 4809, 4823, 4858, 4863-4864, 4878-4879, 4885-4886, 4930, 4982-4994, 5029-5030, 5097-5146, 5215-5245, 5325-5359, 5369, 5607-5612, 5629-5634, 5659, 5675-5740
/usr/lib/python3/dist-packages/pkg_resources/_vendor/six.py                                 444    209    53%   49-72, 98-99, 112, 118-121, 131-133, 145, 154-157, 192-193, 203, 222-223, 304, 480, 488, 493-499, 511-517, 522-524, 530-532, 537, 542, 546-560, 575, 578, 581, 584, 592-608, 620, 623, 636-637, 642-661, 667, 671, 675, 682-701, 707, 717-718, 723-775, 777-784, 789-795, 805-809, 814-825, 836-843
/usr/lib/python3/dist-packages/pkg_resources/extern/__init__.py                              36      5    86%   21, 32, 54-57
/usr/lib/python3/dist-packages/pkg_resources/py2_warn.py                                      6      0   100%
/usr/lib/python3/dist-packages/pkg_resources/py31compat.py                                   12      5    58%   9-13
/usr/lib/python3/dist-packages/pyrsistent/__init__.py                                        15      0   100%
/usr/lib/python3/dist-packages/pyrsistent/_checked_types.py                                 292    154    47%   18, 21, 25, 39-41, 44, 76, 78, 80, 87, 108-115, 122-129, 155, 158, 168-170, 181-185, 215-217, 221-224, 228, 232-240, 244, 248, 253, 257-269, 287-290, 293, 296, 299, 304-305, 309, 315-317, 320-322, 325-326, 329-330, 333-335, 338-347, 350, 355, 374-381, 384, 387, 390-391, 397, 400, 406-408, 411-413, 416-418, 421-427, 437-445, 474-481, 484, 487, 492-493, 497-512, 516, 522-524, 527-533, 536-542
/usr/lib/python3/dist-packages/pyrsistent/_compat.py                                          9      4    56%   7-8, 22-23
/usr/lib/python3/dist-packages/pyrsistent/_field_common.py                                  147    104    29%   27-28, 32-35, 39-42, 46-49, 53-58, 63-72, 80-85, 90-95, 126-137, 141-157, 171-175, 188-189, 193, 197-211, 225-236, 253, 269, 281-282, 286-302, 317-328
/usr/lib/python3/dist-packages/pyrsistent/_helpers.py                                        31     23    26%   30-39, 59-67, 78-82
/usr/lib/python3/dist-packages/pyrsistent/_immutable.py                                      24     21    12%   51-105
/usr/lib/python3/dist-packages/pyrsistent/_pbag.py                                           92     59    36%   7, 50, 60-63, 77-83, 95, 104, 115-117, 128, 131, 143-145, 148, 163-168, 177-186, 195-202, 211-218, 230, 249, 261-263
/usr/lib/python3/dist-packages/pyrsistent/_pclass.py                                        147    102    31%   30-35, 49-82, 103-114, 125-131, 138-144, 153, 156-163, 166, 170, 173-176, 179, 182-188, 191, 196-197, 203, 210-212, 219-222, 225, 228-233, 236, 239-245, 248, 251-255, 258-261, 264
/usr/lib/python3/dist-packages/pyrsistent/_pdeque.py                                        167    120    28%   51-64, 71, 78, 82-88, 91, 94, 103, 119-123, 133-137, 141-155, 158, 161-164, 167-175, 178, 181, 190-191, 200-201, 204-210, 214-219, 222-230, 239-240, 251-252, 261, 271-280, 294, 307-311, 315, 318-342, 360-367, 376
/usr/lib/python3/dist-packages/pyrsistent/_plist.py                                         143     93    35%   14-15, 18-25, 28, 31, 34, 48, 58, 61, 71, 82-86, 100-106, 117-129, 132-135, 138-141, 149-160, 166-183, 186-194, 197, 210-219, 252-255, 258, 270, 275, 279, 299-303, 313
/usr/lib/python3/dist-packages/pyrsistent/_pmap.py                                          209     71    66%   68, 81-83, 86, 91, 94-97, 102-103, 109-110, 119, 122, 131, 134-149, 154, 161, 164-166, 182, 206-209, 246, 250, 278, 281, 295, 299, 312-320, 323-335, 347, 353, 365, 404, 408-411, 419, 460
/usr/lib/python3/dist-packages/pyrsistent/_precord.py                                        89     61    31%   39-55, 66-69, 75, 78, 90-96, 100, 107, 114-119, 122, 125-148, 151-169
/usr/lib/python3/dist-packages/pyrsistent/_pset.py                                           93     38    59%   38, 41, 44, 47-50, 53, 56, 60, 64, 74, 84-88, 98-101, 107-110, 116-117, 120-121, 124-125, 128, 131-134, 137, 140, 171, 213-216, 229
/usr/lib/python3/dist-packages/pyrsistent/_pvector.py                                       320    201    37%   18, 22-25, 46, 49-62, 65, 68, 71, 76, 79, 82, 85, 88, 91, 94, 97-103, 108-113, 119-122, 128, 132, 135, 139, 142-149, 156, 159-168, 171-179, 182-183, 186-187, 190-191, 194-217, 220-233, 236-237, 240-247, 250-255, 258, 261, 264, 271-288, 291-298, 302-312, 315-324, 327-334, 337-340, 343-344, 347-352, 355-362, 367-373, 384-396, 399, 402, 405-407, 410-412, 691, 697, 701-702, 713
/usr/lib/python3/dist-packages/pyrsistent/_toolz.py                                           9      6    33%   78-83
/usr/lib/python3/dist-packages/pyrsistent/_transformations.py                                80     61    24%   5-10, 18, 23, 28-31, 37-38, 43, 48-49, 53-56, 60-64, 68-72, 76-83, 87-105, 109-111, 114, 124-143
/usr/lib/python3/dist-packages/requests/__init__.py                                          55      9    84%   55, 78-79, 82-83, 88-89, 101-102
/usr/lib/python3/dist-packages/requests/__version__.py                                       10      0   100%
/usr/lib/python3/dist-packages/requests/_internal_utils.py                                   16      5    69%   22-25, 41-42
/usr/lib/python3/dist-packages/requests/adapters.py                                         222    104    53%   47, 77, 81, 132, 137-143, 178-201, 221, 227, 235-239, 242-252, 279, 304-310, 325-327, 349-350, 354, 385-392, 413-414, 423-431, 433, 454-531
/usr/lib/python3/dist-packages/requests/api.py                                               22     12    45%   59-60, 74-75, 87-88, 100-101, 116, 131, 146, 158
/usr/lib/python3/dist-packages/requests/auth.py                                             174    141    19%   38-69, 76, 83-84, 87, 93, 96-97, 104-105, 112-115, 119-125, 132-227, 231-232, 243-276, 280-296, 299, 305
/usr/lib/python3/dist-packages/requests/certs.py                                              4      1    75%   18
/usr/lib/python3/dist-packages/requests/compat.py                                            38     15    61%   30-31, 38-54
/usr/lib/python3/dist-packages/requests/cookies.py                                          241    150    38%   21-22, 43, 46, 49, 54-60, 66, 69, 72, 76, 79, 86, 90, 94, 115, 127, 151-162, 196-199, 207-216, 224-225, 233, 241-242, 250, 258-259, 268, 272-276, 280-284, 292-297, 306-313, 316-319, 328, 335, 341, 344-346, 352-354, 368-374, 388-399, 403-406, 410-412, 416-419, 423, 427-438, 447-474, 480-491, 523-524, 537, 540, 545-547
/usr/lib/python3/dist-packages/requests/exceptions.py                                        35      6    83%   19-25
/usr/lib/python3/dist-packages/requests/hooks.py                                             15      6    60%   28-33
/usr/lib/python3/dist-packages/requests/models.py                                           457    219    52%   71, 94, 98-102, 107, 119-171, 179, 182, 191-195, 239, 252, 256-269, 326, 329-337, 347-353, 363, 374-375, 380-381, 384-387, 390, 397-400, 402, 407, 410, 414, 417-426, 429, 433-436, 465-468, 477-478, 481-500, 504, 511, 517, 532, 543-554, 570, 574, 644, 647, 652-655, 658-663, 666, 676, 686, 690, 701-705, 717, 722, 727, 752-764, 769, 771, 780, 792-813, 822, 826, 853, 857, 862-869, 885-896, 903-915, 920-940, 948-953
/usr/lib/python3/dist-packages/requests/packages.py                                           6      0   100%
/usr/lib/python3/dist-packages/requests/sessions.py                                         284    142    50%   41-44, 66, 75, 89-92, 106-115, 120-141, 152-254, 261-274, 288-315, 321-337, 421, 424, 545-546, 556-557, 567-568, 581, 593, 605, 615, 632, 659-660, 673-676, 680-683, 702, 731, 735-736, 750-751, 754-755, 770
/usr/lib/python3/dist-packages/requests/status_codes.py                                      15      0   100%
/usr/lib/python3/dist-packages/requests/structures.py                                        39     11    72%   55, 65, 72-77, 81, 84, 95, 100, 103
/usr/lib/python3/dist-packages/requests/utils.py                                            444    287    35%   47-95, 101-104, 114-128, 139-160, 163, 179-183, 186-187, 193-216, 221-224, 238-256, 275-281, 300, 303, 335-340, 366-375, 387-401, 411-416, 427, 435-445, 485, 492-493, 499-511, 516-521, 536-557, 573-585, 604-608, 619-623, 633-634, 641-645, 654-669, 682-683, 688-691, 713, 718-740, 746-747, 750, 762, 776, 787-788, 822-848, 864-886, 895-903, 937, 942-944, 954-962, 969-977
/usr/lib/python3/dist-packages/simplejson/__init__.py                                        80     53    34%   120-122, 126-130, 248-279, 383-385, 457, 519-535, 539-562, 577
/usr/lib/python3/dist-packages/simplejson/compat.py                                          29     16    45%   5-18, 24, 26
/usr/lib/python3/dist-packages/simplejson/decoder.py                                        225    166    26%   14-15, 26-27, 60-133, 145-234, 237-270, 369, 373, 390, 392, 397, 399
/usr/lib/python3/dist-packages/simplejson/encoder.py                                        394    337    14%   13-14, 42-62, 69-103, 244, 247, 249, 251, 272, 285-287, 292-302, 314-380, 400-404, 407-417, 441-722
/usr/lib/python3/dist-packages/simplejson/errors.py                                          29     23    21%   7-12, 16-23, 41-50, 53
/usr/lib/python3/dist-packages/simplejson/raw_json.py                                         3      1    67%   9
/usr/lib/python3/dist-packages/simplejson/scanner.py                                         64     53    17%   9-10, 21-83
/usr/lib/python3/dist-packages/urllib3/__init__.py                                           33      8    76%   56-62, 86
/usr/lib/python3/dist-packages/urllib3/_collections.py                                      182     96    47%   5-6, 9-16, 70, 73, 76-80, 83-84, 87, 92-99, 102-103, 145, 149, 152-153, 160, 163, 166-170, 175, 178-179, 184, 198-206, 209-212, 236, 243-244, 246-247, 249-250, 256, 261-268, 279, 282-287, 290-292, 296-299, 303-305, 308, 316-336
/usr/lib/python3/dist-packages/urllib3/connection.py                                        166     59    64%   16-20, 26-29, 150, 160-168, 175-181, 184-185, 192-220, 284-287, 305-313, 317, 321, 350, 364, 377, 397-406, 414
/usr/lib/python3/dist-packages/urllib3/connectionpool.py                                    315    134    57%   75, 82, 85, 88-90, 96, 214, 220-235, 253-262, 266-272, 293-302, 312, 317, 324, 329-347, 377-380, 385, 400, 404, 417-424, 442-443, 453, 459-471, 478-492, 601, 604, 611, 617, 636-637, 662, 696-725, 733-734, 740, 744-747, 764-776, 781-799, 818-833, 949-950, 965, 972-973, 999, 1030-1035, 1052
/usr/lib/python3/dist-packages/urllib3/contrib/__init__.py                                    0      0   100%
/usr/lib/python3/dist-packages/urllib3/contrib/_appengine_environ.py                         11      1    91%   36
/usr/lib/python3/dist-packages/urllib3/contrib/pyopenssl.py                                 248     83    67%   88, 131-136, 148, 159, 193-194, 198, 202, 218, 224-241, 284, 287-309, 315-318, 320-323, 326, 331-332, 341-346, 358, 361-368, 374, 377, 385, 388, 391-394, 399-401, 441, 452, 455, 458-463, 488, 490-492
/usr/lib/python3/dist-packages/urllib3/contrib/socks.py                                      75     66    12%   55-210
/usr/lib/python3/dist-packages/urllib3/exceptions.py                                         96     21    78%   21-22, 26, 33-34, 38, 79-83, 90-92, 147-150, 222, 225, 241-242, 249-250
/usr/lib/python3/dist-packages/urllib3/fields.py                                             90     70    22%   18-20, 38-61, 82-91, 113-118, 150-156, 176-192, 205, 218-227, 233-246, 263-273
/usr/lib/python3/dist-packages/urllib3/filepost.py                                           43     30    30%   19-22, 33-42, 57-60, 74-98
/usr/lib/python3/dist-packages/urllib3/packages/__init__.py                                   8      2    75%   10-11
/usr/lib/python3/dist-packages/urllib3/packages/backports/__init__.py                         0      0   100%
/usr/lib/python3/dist-packages/urllib3/packages/backports/makefile.py                        36     11    69%   21, 30, 38-40, 42, 46-47, 50-52
/usr/lib/python3/dist-packages/urllib3/packages/ssl_match_hostname/__init__.py               11      6    45%   7, 10-16
/usr/lib/python3/dist-packages/urllib3/poolmanager.py                                       170     79    54%   96, 102, 170, 173-175, 189, 199-200, 211, 225, 299-306, 318-369, 408-428, 431-436, 445-453, 457-466, 470
/usr/lib/python3/dist-packages/urllib3/request.py                                            39     27    31%   54, 70-79, 88-97, 144-171
/usr/lib/python3/dist-packages/urllib3/response.py                                          399    197    51%   34-36, 39, 42-61, 86-93, 97-98, 103-118, 131, 134, 137-139, 144, 149-152, 190, 217, 236, 258, 268-271, 275, 283-287, 291, 294, 302, 311-341, 347-348, 352, 366-373, 377, 384, 389-391, 397, 410, 427-443, 455-462, 490-541, 563-567, 585, 603, 610, 614-621, 626, 628, 631-634, 637-642, 648-653, 657, 661-666, 681, 686-689, 694-697, 699-701, 703-706, 730, 735, 743-744, 749, 768, 775, 789-792, 795-809
/usr/lib/python3/dist-packages/urllib3/util/__init__.py                                      10      0   100%
/usr/lib/python3/dist-packages/urllib3/util/connection.py                                    66     18    73%   19, 21, 25-26, 53, 73, 77-86, 91, 118, 130-131
/usr/lib/python3/dist-packages/urllib3/util/queue.py                                         14      1    93%   7
/usr/lib/python3/dist-packages/urllib3/util/request.py                                       50     34    32%   13, 60-87, 96, 98-103, 119-133
/usr/lib/python3/dist-packages/urllib3/util/response.py                                      35     16    54%   15-35, 55, 71, 85
/usr/lib/python3/dist-packages/urllib3/util/retry.py                                        150     89    41%   184-185, 200-216, 222, 225, 238-247, 251-263, 268-273, 276-281, 284-287, 298-303, 309, 315, 337, 348-353, 374-440, 443
/usr/lib/python3/dist-packages/urllib3/util/ssl_.py                                         148     79    47%   31-34, 43-44, 50-56, 61-63, 104-149, 162-174, 193, 198, 201, 211-217, 284, 332, 337-348, 354, 357-360, 372-383, 395, 401-407
/usr/lib/python3/dist-packages/urllib3/util/timeout.py                                       63     19    70%   102, 121, 127, 133-134, 141-148, 192, 204-208, 223-226, 252-254, 256
/usr/lib/python3/dist-packages/urllib3/util/url.py                                          203     82    60%   102, 112, 117-122, 127-129, 150-169, 172, 193-207, 239, 252, 258-259, 264, 269, 277, 282-294, 299, 304-314, 354, 358, 370, 372-374, 377-379, 389-392, 399-402, 409, 429-430
/usr/lib/python3/dist-packages/urllib3/util/wait.py                                          76     37    51%   8-9, 48-68, 72-87, 92, 97, 111, 121-122, 135-138, 153
/usr/lib/python3/dist-packages/yaml/__init__.py                                             184    124    33%   15-16, 31-37, 44-55, 62-67, 73-78, 85-89, 96-101, 109-110, 123-132, 142, 152, 162, 172, 182, 192, 201-213, 224-243, 250, 262-283, 290, 298, 306, 316-322, 331-337, 345-350, 359-364, 373, 382, 391-397, 418, 425
/usr/lib/python3/dist-packages/yaml/composer.py                                              92     17    82%   18-22, 26-27, 40-41, 65-70, 74-75, 96, 108, 126
/usr/lib/python3/dist-packages/yaml/constructor.py                                          479    287    40%   32, 38-39, 44-45, 52, 61, 69, 71-72, 74, 82-98, 102, 107-108, 114, 119, 126, 134, 141, 148-157, 175-177, 186-204, 208-209, 213, 221-222, 242, 244, 248, 250, 252, 254-261, 271-292, 295-307, 323-350, 356-373, 377-394, 397-400, 417-424, 427, 487, 490-492, 495, 498, 501-513, 517, 520, 523, 526-538, 541-563, 566-570, 573-577, 581-593, 596-612, 617-621, 635-656, 659, 728, 731, 734, 738
/usr/lib/python3/dist-packages/yaml/cyaml.py                                                 46     24    48%   19-21, 26-28, 33-35, 40-42, 47-49, 59-66, 76-83, 93-100
/usr/lib/python3/dist-packages/yaml/dumper.py                                                23     12    48%   17-25, 35-43, 53-61
/usr/lib/python3/dist-packages/yaml/emitter.py                                              838    769     8%   22-29, 42-104, 108-109, 112-116, 121-131, 134-144, 147-154, 161-167, 171, 176, 179-211, 215-223, 227-228, 234-258, 261-264, 267-270, 275-278, 281-290, 293-306, 311-314, 317-331, 334-352, 355-357, 360-364, 369-371, 374, 377-384, 389-390, 393, 396-407, 410-412, 415-418, 423, 427, 431-434, 438-452, 460-467, 470-492, 495-513, 516-535, 540-543, 546-555, 558-578, 581-614, 617-624, 629-778, 789-790, 794-795, 798, 802-812, 815-825, 828-836, 839-843, 846-850, 855-906, 927-978, 981-989, 992-1043, 1046-1078, 1081-1137
/usr/lib/python3/dist-packages/yaml/error.py                                                 58     42    28%   15-34, 38-43, 52-56, 59-74
/usr/lib/python3/dist-packages/yaml/events.py                                                61      6    90%   9-13, 17-19
/usr/lib/python3/dist-packages/yaml/loader.py                                                47     30    36%   14-19, 24-29, 34-39, 44-49, 58-63
/usr/lib/python3/dist-packages/yaml/nodes.py                                                 29      7    76%   4-7, 9-23
/usr/lib/python3/dist-packages/yaml/parser.py                                               352    190    46%   101, 110-111, 157, 163, 167-180, 197-199, 209-215, 218-246, 271, 275-277, 283-291, 293-300, 302-310, 320-323, 333, 347-369, 377-379, 382-398, 403-415, 423-425, 428-444, 447-458, 482-483, 487-492, 503-510, 513-524, 527-529, 548-549, 558-562, 576-581, 584-585, 588
/usr/lib/python3/dist-packages/yaml/reader.py                                               122     34    72%   27-31, 34-40, 73-75, 77-79, 116, 126-134, 141-143, 155-164
/usr/lib/python3/dist-packages/yaml/representer.py                                          248    176    29%   19-24, 27-31, 34-63, 78-83, 86-101, 104-129, 132, 137-142, 145, 148, 151-155, 158-162, 165, 172-189, 199, 207, 210-213, 216-217, 220-221, 224-228, 231, 275-283, 286, 289-290, 293, 313-356, 360-364
/usr/lib/python3/dist-packages/yaml/resolver.py                                             135     77    43%   30, 33, 51-89, 94-112, 117-118, 122-141, 146, 153, 155-159
/usr/lib/python3/dist-packages/yaml/scanner.py                                              753    421    44%   119, 133, 138, 177, 181, 185, 215, 219, 227, 231, 235, 239, 243, 247, 258, 291, 318, 345-347, 351-355, 393-400, 403, 406, 411-422, 487-515, 520-543, 559-560, 572-593, 604-610, 615-621, 626-632, 635, 638, 643-649, 652, 687-688, 693-696, 701-704, 709, 714-719, 729, 773, 779-780, 789-804, 808-825, 829-842, 846-855, 859-865, 869-874, 878-883, 887-897, 908-933, 937-974, 979-1049, 1054-1090, 1094-1104, 1108-1119, 1123-1132, 1144, 1197-1198, 1208-1223, 1238, 1241-1247, 1254-1268, 1288, 1308, 1318, 1328, 1334-1338, 1340, 1345, 1352-1370, 1375-1395, 1399-1414, 1428, 1433-1434
/usr/lib/python3/dist-packages/yaml/serializer.py                                            85     70    18%   17-25, 28-34, 37-41, 47-58, 61-72, 75-76, 79-110
/usr/lib/python3/dist-packages/yaml/tokens.py                                                76     17    78%   7-12, 20-23, 78-80, 85-87, 92-94
-----------------------------------------------------------------------------------------------------------------------
TOTAL                                                                                     40927  24384    40%
